[Map]
author=Centauri
warn=yes
image=Centauri.bmp
wrap=yes
scroll=horizontal

[Continents]
Alpha=5
Beta=8
Prime=7
Cent=5
Chiman=6
Li=10

[Territories]
Antus,70,99,Alpha,Archiovus
Archiovus,71,81,Alpha,Antus,Axtoron,Lotus
Axtoron,91,82,Alpha,Archiovus,Akabakus
Akabakus,105,89,Alpha,Axtoron,Astivaka
Astivaka,99,110,Alpha,Akabakus,Bosol

Bosol,77,170,Beta,Astivaka,Bravika
Bravika,65,191,Beta,Bosol,Bilikal,Bongarat,Bakaz
Bilikal,85,209,Beta,Bravika,Patakatil
Bongarat,24,181,Beta,Bravika,Bylusus,Bakaz
Bylusus,15,202,Beta,Bongarat,Bakaz,Bopotopol
Bakaz,34,204,Beta,Bravika,Bongarat,Bylusus,Bopotopol
Bopotopol,16,231,Beta,Bylusus,Bakaz,Bvingsti
Bvingsti,43,241,Beta,Bopotopol

Patakatil,155,155,Prime,Pokotokol,Bilikal,Tiem
Pokotokol,183,142,Prime,Patakatil,Papanakil
Papanakil,212,140,Prime,Pokotokol,Papotopol,Ponolokil
Papotopol,216,169,Prime,Papanakil,Panakopil
Panakopil,234,196,Prime,Papotopol,Vi
Ponolokil,240,137,Prime,Popalopal,Papanakil
Popalopal,257,121,Prime,Ponolokil,So,Si

So,246,63,Li,Nuri,Popalopal
Nuri,285,47,Li,So,Lea
Lea,300,68,Li,Nuri,Seti
Seti,373,31,Li,Lea,Plaza
Plaza,406,63,Li,Seti,Gayden
Gayden,430,108,Li,Plaza,Kailea,Iann
Kailea,391,121,Li,Gayden,Iann
Iann,429,144,Li,Gayden,Kailea,Toi

Vi,364,228,Cent,Pi,Panakopil
Pi,384,231,Cent,Vi,Ci
Ci,402,225,Cent,Pi,Toi
Toi,410,202,Cent,Ci,Iann

Lotus,37,32,Chiman,Aoi,Archiovus
Aoi,101,21,Chiman,Lotus,Kai
Kai,140,34,Chiman,Aoi,Vie,Si
Vie,153,72,Chiman,Kai,Tiem,Si
Tiem,153,97,Chiman,Vie,Si,Patakatil
Si,181,66,Chiman,Kai,Tiem,Vie,Popalopal






